data: <IDS|MSG> more: True
data: e939c5b0c3324ac055fac2edbf4244fb04e7382cb63095f0c3a2e6fe8fdd861e more: True
data: {"msg_id":"00000000-0000-0000-0000-000000000000","username":"dotnet_kernel","session":"test session","date":"0001-01-01T00:00:00Z","msg_type":"kernel_info_reply","version":"5.3"} more: True
data: null more: True
data: {} more: True
data: {"protocol_version":"5.3","implementation":".NET","implementation_version":"0.0.3","language_info":{"name":"C#","version":"4.0.30319","mimetype":"text/x-csharp","file_extension":".cs","pygments_lexer":"c#","help_links":[]},"banner":null} more: False
