{"id":-1,"eventType":"CommandParseFailure","event":{"command":null,"body":"{ hello"}}
