{"id":1,"eventType":"CodeSubmissionReceived","event":{"code":"var a = 12","value":"var a = 12","command":{"code":"var a = 12","targetKernelName":null,"submissionType":0}}}
{"id":1,"eventType":"IncompleteCodeSubmissionReceived","event":{"command":{"code":"var a = 12","targetKernelName":null,"submissionType":0}}}
{"id":1,"eventType":"CommandFailed","event":{"exception":{"diagnostics":[{"location":{"kind":1,"sourceSpan":{"start":10,"end":10,"length":0,"isEmpty":true},"sourceTree":{"filePath":"","encoding":null,"length":10,"hasCompilationUnitRoot":true,"options":{"languageVersion":703,"specifiedLanguageVersion":2147483647,"preprocessorSymbolNames":[],"language":"C#","features":{},"kind":1,"specifiedKind":1,"documentationMode":1,"errors":[]},"diagnosticOptions":{}},"isInSource":true,"isInMetadata":false,"metadataModule":null},"additionalLocations":[],"descriptor":{"id":"CS1002","title":{},"description":{},"helpLinkUri":"","messageFormat":{},"category":"Compiler","defaultSeverity":3,"isEnabledByDefault":true,"customTags":["Compiler","Telemetry","NotConfigurable"]},"id":"CS1002","severity":3,"defaultSeverity":3,"isSuppressed":false,"warningLevel":0,"info":{"code":1002,"descriptor":{"id":"CS1002","title":{},"description":{},"helpLinkUri":"","messageFormat":{},"category":"Compiler","defaultSeverity":3,"isEnabledByDefault":true,"customTags":["Compiler","Telemetry","NotConfigurable"]},"severity":3,"defaultSeverity":3,"warningLevel":0,"isWarningAsError":false,"category":"Compiler","additionalLocations":[],"messageIdentifier":"CS1002"},"isWarningAsError":false,"properties":{}}],"stackTrace":"   at Microsoft.CodeAnalysis.Scripting.ScriptBuilder.ThrowIfAnyCompilationErrors(DiagnosticBag diagnostics, DiagnosticFormatter formatter) in /_/src/Scripting/Core/ScriptBuilder.cs:line 113\r\n   at Microsoft.CodeAnalysis.Scripting.ScriptBuilder.CreateExecutor[T](ScriptCompiler compiler, Compilation compilation, Boolean emitDebugInformation, CancellationToken cancellationToken) in /_/src/Scripting/Core/ScriptBuilder.cs:line 82\r\n   at Microsoft.CodeAnalysis.Scripting.Script`1.GetExecutor(CancellationToken cancellationToken) in /_/src/Scripting/Core/Script.cs:line 359\r\n   at Microsoft.CodeAnalysis.Scripting.Script`1.RunAsync(Object globals, Func`2 catchException, CancellationToken cancellationToken) in /_/src/Scripting/Core/Script.cs:line 463\r\n   at Microsoft.CodeAnalysis.Scripting.Script`1.RunAsync(Object globals, CancellationToken cancellationToken) in /_/src/Scripting/Core/Script.cs:line 437\r\n   at Microsoft.CodeAnalysis.CSharp.Scripting.CSharpScript.RunAsync[T](String code, ScriptOptions options, Object globals, Type globalsType, CancellationToken cancellationToken) in /_/src/Scripting/CSharp/CSharpScript.cs:line 91\r\n   at Microsoft.CodeAnalysis.CSharp.Scripting.CSharpScript.RunAsync(String code, ScriptOptions options, Object globals, Type globalsType, CancellationToken cancellationToken) in /_/src/Scripting/CSharp/CSharpScript.cs:line 105\r\n   at WorkspaceServer.Kernel.CSharpKernel.HandleSubmitCode(SubmitCode submitCode, KernelInvocationContext context) in C:\\Users\\dicolomb\\source\\repos\\Public\\try\\WorkspaceServer\\Kernel\\CSharpKernel.cs:line 135","message":"(1,11): error CS1002: ; expected","data":{},"innerException":null,"helpLink":null,"source":"Microsoft.CodeAnalysis.Scripting","hResult":-2146233088},"message":"(1,11): error CS1002: ; expected","command":{"code":"var a = 12","targetKernelName":null,"submissionType":0}}}
